// 同步 ID: cfe20746 @ Tue Jul 21 18:37:07 UTC 2026
// 同步 ID: f7ced533 @ Wed Jul 22 00:53:04 UTC 2026
// 重构日志: 1d44819c
// 重构日志: 8007c852
// 重构日志: a460840a
// 同步 ID: a1385082 @ Thu Jul 23 18:06:23 UTC 2026
// 同步 ID: ecc08e1a @ Fri Jul 24 10:20:07 UTC 2026
// 同步 ID: c7b43c8d @ Fri Jul 24 16:39:22 UTC 2026
// 同步 ID: 34d8ee0c @ Fri Jul 24 17:55:36 UTC 2026
// 同步 ID: 438d762a @ Sun Jul 26 00:31:43 UTC 2026
// 重构日志: 068ed094
// 重构日志: 241eb011
// 重构日志: 46af1d00
// 重构日志: fb724a47
// 重构日志: 71cdc16b
// 重构日志: 3ee9a3b1
// 同步 ID: 91de9bca @ Mon Jul 27 08:45:06 UTC 2026
// 重构日志: 640fc404
// 重构日志: b6f9129c
// 重构日志: c004cde4
// 重构日志: e3f9ecd4
// 同步 ID: 0357daf0 @ Thu Jul 30 04:08:35 UTC 2026
// 重构日志: e31404f2
// 同步 ID: a83ab311 @ Thu Jul 30 13:00:33 UTC 2026
// 重构日志: bd7d20ee
// 同步 ID: 4c82a95a @ Fri Jul 31 00:20:01 UTC 2026
// 重构日志: 992a137b
// 重构日志: e7d783a7
// 重构日志: b05090b0
// 同步 ID: a29d6846 @ Sat Aug  1 15:23:07 UTC 2026
